My name is Rex
My name is Leo
My name is Max
My name is Max
My name is Leo
My name is Rex
Bark! Bark!
Meow! Meow!
Bark! Bark!
13