Give me a string.
The string I got is: Hello!
Give me two natural numbers.
Their NWD is:
6